1 actionable task: 1 executed
